# 2026-07-09. Historical 135 MHz config (rPLL x5), core RTL identical to HEAD.
# nextpnr @135: Max frequency for clock 'clk_fast': 241.60 MHz (PASS at 135.00 MHz)
# apicula has no MULT18X18 timing arcs: DSP path invisible to STA.
round 0: MISMATCH [(0, (-12934, -32768), (31752, -32768)), (3, (29029, -32768), (-32768, -32768)), (4, (31951, 32767), (-32768, 32767))]...
round 1: MISMATCH [(0, (32767, 32767), (19446, 32767)), (2, (32767, 32767), (-19503, 30556)), (6, (32767, -32768), (18427, -32768))]
round 2: MISMATCH [(1, (32767, 32767), (19915, 32767)), (2, (32767, 32767), (32767, -14401)), (3, (-32768, 32702), (-32048, 32767))]...
round 3: MISMATCH [(0, (32767, 32767), (-32768, 32767)), (3, (-32768, -32768), (32767, -32768)), (5, (32767, 32767), (-32768, 32767))]...
round 4: MISMATCH [(2, (517, 32767), (-2373, 32451)), (6, (32767, -32768), (15538, -32768)), (7, (32767, -32768), (19542, -32768))]
round 5: MISMATCH [(3, (32767, -32768), (-27980, -32768)), (6, (32767, 32767), (-32768, -9014)), (8, (-32768, -27922), (-32768, -32768))]
round 6: MISMATCH [(1, (-32768, 32767), (-8172, 4354)), (3, (-32768, 32767), (21622, 32767)), (4, (-32768, -32639), (32767, 4395))]...
round 7: MISMATCH [(0, (-32768, 32767), (27438, 32767)), (6, (32767, 32767), (-32768, 32767))]
round 8: MISMATCH [(0, (-21675, 32767), (-32768, 32767)), (2, (32767, 32767), (6486, 32767)), (5, (-32768, -29302), (-7711, -32768))]...
round 9: MISMATCH [(0, (32767, -3709), (22915, 32767)), (1, (32767, 32767), (11568, -10254)), (4, (32767, 32767), (32767, -32768))]...
round 10: MISMATCH [(1, (32635, 32767), (32767, 32767)), (3, (32767, 32767), (-32768, 32767)), (5, (2062, 32767), (-32768, 32767))]...
round 11: MISMATCH [(1, (32767, 32767), (32767, -14686)), (4, (-32768, 32767), (-10940, 32767)), (5, (-7280, -30102), (-32768, -32768))]...
round 12: MISMATCH [(0, (32347, 32767), (-32768, 8704)), (1, (-32768, 32767), (-11739, 32767)), (2, (15855, -32768), (32767, -32768))]...
round 13: MISMATCH [(1, (32767, 32767), (-18035, 32767)), (3, (32767, 32767), (-32768, 18480)), (4, (25486, -32768), (-32768, -32768))]...
round 14: MISMATCH [(0, (-12010, -32768), (32767, -32768)), (1, (-20384, -32768), (32767, -32768)), (3, (-32768, -32768), (-24275, -32768))]...
round 15: MISMATCH [(0, (-32768, 32767), (32767, 32767)), (1, (32767, 32767), (17760, 32767)), (2, (-3615, 32767), (32767, -16280))]...
round 16: MISMATCH [(0, (32767, -32768), (32767, -4590)), (1, (-32768, -32768), (-11260, -32768)), (3, (-32768, 32767), (-32768, 17919))]...
round 17: MISMATCH [(1, (14150, -32768), (-32768, -32768)), (4, (449, -32768), (32767, -32768)), (6, (32767, 32767), (32767, -32768))]...
round 18: MISMATCH [(0, (-32768, 32767), (-364, 11379)), (1, (-32768, -32768), (32767, -32768)), (2, (14419, 32767), (8160, 32767))]...
round 19: MISMATCH [(0, (-15469, 20020), (-32768, 32767)), (3, (-32768, 32767), (32767, 32767)), (4, (6992, 32767), (-32768, 32767))]...
round 20: MISMATCH [(2, (-32768, -32640), (-32768, 21991)), (3, (32767, 32767), (30617, 32767)), (6, (32767, -16565), (32767, -32768))]
round 21: MISMATCH [(2, (-29821, 32767), (-32768, 20016)), (3, (32767, 32767), (29493, 32767)), (4, (32767, -32768), (-32768, -32768))]...
round 22: MISMATCH [(0, (32262, 32767), (32767, 32767)), (1, (14366, -32768), (-400, -32768)), (2, (-32768, -32639), (-32768, -4791))]...
round 23: MISMATCH [(2, (-24223, 32767), (-7883, 32767)), (4, (32767, -32768), (29020, -32768)), (6, (32767, 32767), (-17195, -32768))]...
round 24: MISMATCH [(0, (-27686, 32767), (29147, 2991)), (2, (32767, -32768), (-2363, -32768)), (3, (-32768, 32767), (-32768, 22950))]...
round 25: MISMATCH [(0, (32767, -32768), (-32768, -32768)), (2, (6709, 32767), (-32768, 32767)), (3, (32767, -22384), (32767, -32768))]...
round 26: MISMATCH [(0, (-32768, -32768), (8198, -32768)), (1, (32767, 32767), (32767, 31367)), (3, (-6075, -32768), (-32768, -32768))]...
round 27: MISMATCH [(0, (32767, 6954), (32767, 19237)), (1, (32767, -32768), (19445, -32768)), (3, (32767, 32767), (32767, -5071))]...
round 28: MISMATCH [(0, (-32768, 32767), (-32768, 7119)), (2, (32767, -20237), (32767, -13480)), (3, (-32768, 32767), (-32768, 28380))]...
round 29: MISMATCH [(0, (-32768, -22143), (-32768, -9475)), (1, (-9584, 32767), (-32768, 14168)), (2, (-12127, 32767), (32767, 32767))]...
round 30: MISMATCH [(0, (32767, -32768), (-32768, -32768)), (2, (-32768, 32767), (28321, 32767)), (3, (-32768, 32767), (-32768, 5433))]...
round 31: MISMATCH [(0, (-32768, 32767), (-15237, 32767)), (1, (-32768, 32767), (-32768, 21885)), (2, (32767, 32767), (30593, 32767))]...
round 32: MISMATCH [(0, (-19729, 32767), (-22829, 1374)), (2, (32767, -24120), (32767, 1748)), (3, (-32768, -24191), (-21118, -32768))]...
round 33: MISMATCH [(0, (32767, 32767), (-18548, 32767)), (1, (-1752, -32768), (-32768, 10737)), (3, (32767, -32768), (32767, -32271))]...
round 34: MISMATCH [(0, (32767, -32639), (32767, 6775)), (2, (32767, 32767), (20684, 32767)), (4, (-32768, -32768), (-13314, -32768))]...
round 35: MISMATCH [(0, (-22056, 32767), (13017, 32767)), (1, (-32768, -32768), (-27534, -32768)), (3, (6245, 32767), (-32768, 32767))]...
round 36: MISMATCH [(0, (-32768, 32767), (-32768, -8165)), (1, (32271, -31358), (25512, -12127)), (2, (32767, 32767), (32767, 15411))]...
round 37: MISMATCH [(3, (32767, -32768), (-27157, -32768)), (4, (32767, -32768), (12637, -32768)), (6, (32767, -32768), (-32768, -32768))]...
round 38: MISMATCH [(0, (32767, -32768), (-17003, -32768)), (1, (32767, -32768), (1127, -32768)), (2, (-32768, 32767), (-32768, -17116))]...
round 39: MISMATCH [(0, (-32768, -14814), (-32768, 12844)), (2, (32767, 32767), (-29945, 32767)), (6, (32767, 32767), (-32768, 32767))]...
round 40: MISMATCH [(0, (24489, 32767), (-32768, 32767)), (1, (-8172, -32768), (32767, -32768)), (2, (-32768, -32768), (-23191, -32768))]...
round 41: MISMATCH [(0, (-8436, -32768), (-32768, -32768)), (1, (32475, -32768), (-18626, -32768)), (3, (32767, 32767), (-32768, 32767))]...
round 42: MISMATCH [(0, (32767, 32503), (32767, 20595)), (1, (32767, 20879), (32767, -2005)), (2, (-32768, 32767), (-24552, 32767))]...
round 43: MISMATCH [(0, (32767, 32767), (-32768, 32767)), (1, (32767, 32767), (-27270, 32767)), (3, (-32768, -32056), (-32768, -30269))]...
round 44: MISMATCH [(1, (32767, -32768), (-32768, -32768)), (3, (32767, 32767), (-32768, -15483)), (4, (-32768, -28297), (-17287, -32768))]...
round 45: MISMATCH [(1, (-32768, -32768), (-6200, -32768)), (3, (-32768, -11776), (-32768, -32768)), (4, (-32768, 22332), (-2121, 1934))]...
round 46: MISMATCH [(0, (-12623, -32640), (-13901, -9818)), (1, (-8566, 32767), (8437, 2531)), (2, (32767, -32768), (17884, -31499))]...
round 47: MISMATCH [(3, (32767, 32767), (286, 32767)), (4, (-14141, 32767), (-32768, 32767)), (5, (-32768, -4479), (-32768, -32768))]...
round 48: MISMATCH [(1, (32767, 32767), (-28485, 32767)), (2, (32767, -32768), (-32768, -32768)), (3, (32767, -32768), (605, -32768))]...
round 49: MISMATCH [(0, (32767, -32768), (15976, -32768)), (2, (4803, -32768), (32767, -32768)), (5, (32767, 32767), (32767, 30111))]...
round 50: MISMATCH [(2, (32767, 32767), (-2738, 32767)), (3, (32767, -32768), (-32768, -32768)), (4, (32767, 32767), (32767, -3640))]...
round 51: MISMATCH [(0, (32767, 9447), (32767, -7097)), (1, (-32768, 32639), (15633, 19953)), (2, (32767, -32768), (-22025, -32768))]...
round 52: MISMATCH [(0, (-21021, -32768), (-32768, -32768)), (1, (26427, 32767), (32767, 9932)), (3, (-32768, -32768), (32767, -32768))]...
round 53: MISMATCH [(0, (9532, 13332), (32767, 32767)), (2, (32767, 32767), (-12364, 32767)), (3, (32767, 32767), (-32768, 32767))]...
round 54: MISMATCH [(0, (-32768, 20416), (-28046, 20416)), (3, (-32768, -31207), (16720, -32768)), (6, (30413, -32768), (32767, -32768))]
round 55: MISMATCH [(0, (28235, 32767), (32767, 32767)), (1, (-32768, 32767), (7892, 32767)), (6, (-32768, -32768), (32767, -32768))]...
round 56: MISMATCH [(0, (32767, -10992), (-32768, -10992)), (1, (20198, 32767), (-6201, 32767)), (3, (-3069, 29239), (-32768, -7839))]...
round 57: MISMATCH [(0, (-32768, -30719), (-32768, 4996)), (1, (32767, 32767), (-32768, 32767)), (2, (32767, -32768), (6613, -32768))]...
round 58: MISMATCH [(0, (32351, -32768), (32767, -32768)), (1, (32767, -25718), (32767, -13394)), (5, (32767, 32767), (21731, 32767))]...
round 59: MISMATCH [(0, (-32121, 32767), (-32768, 19562)), (1, (32767, -1110), (32767, -32768)), (2, (-12729, 32767), (-32768, 32767))]...
round 60: MISMATCH [(0, (32767, -29632), (32767, -32768)), (2, (14670, -32768), (-6630, -32768)), (7, (32767, -32768), (32767, -16096))]
round 61: MISMATCH [(1, (-32768, 4086), (-31414, 20288)), (2, (32767, 32767), (-32768, 32767)), (3, (-32768, -32640), (-32768, -32302))]...
round 62: MISMATCH [(0, (-32768, 32767), (-28085, 32767)), (2, (24736, 32767), (32767, 32767)), (4, (32767, 28663), (32767, 32767))]...
round 63: MISMATCH [(1, (32767, -20862), (32767, -18160)), (3, (32767, 32767), (-32768, 32767)), (4, (32767, 32767), (-32768, 32767))]...
round 64: MISMATCH [(0, (32767, 32767), (17387, 32767)), (1, (-31744, -32768), (-32768, -32768)), (2, (-32568, -32311), (-32768, -32768))]...
round 65: MISMATCH [(0, (-32768, 32767), (-32768, 28246)), (1, (32767, 24182), (8456, 31879)), (2, (-15693, 32767), (32767, 32767))]...
round 66: MISMATCH [(0, (32767, -21502), (32767, 7202)), (1, (-26161, 32767), (-32768, 32767)), (3, (32767, 32566), (32767, 5326))]...
round 67: MISMATCH [(1, (-11823, 32767), (-32768, -32768)), (2, (32767, 32767), (-31204, 32767)), (3, (23901, 32767), (-29528, 32767))]...
round 68: MISMATCH [(0, (32767, -32768), (32767, -12634)), (3, (32767, 32767), (-32768, 32767)), (4, (32767, 32767), (7392, 32767))]...
round 69: MISMATCH [(0, (32767, 32767), (-4611, 32767)), (2, (-32768, -32768), (32767, 915)), (4, (-32768, 24191), (-32768, 19461))]
round 70: MISMATCH [(0, (32767, -32768), (-14106, -32768)), (1, (14026, -14950), (8795, -32768)), (2, (-32768, 32767), (-18990, 32767))]...
round 71: MISMATCH [(0, (-32768, -31341), (-32768, -32768)), (1, (-32768, 32767), (-32768, 1514)), (2, (32767, -32768), (-13767, -32768))]...
round 72: MISMATCH [(0, (-32768, 15298), (-32768, -5183)), (1, (32767, 32767), (32767, 12669)), (2, (32767, -7408), (32767, 17864))]...
round 73: MISMATCH [(0, (32767, -17582), (3401, -32768)), (1, (32767, 32767), (-3939, 32767)), (2, (32767, 32767), (-32768, 32767))]...
round 75: MISMATCH [(0, (-15989, 32767), (-32768, 10931)), (1, (-32768, -32768), (2295, -32768)), (2, (32767, -25311), (-8914, -32768))]...
round 76: MISMATCH [(1, (32767, 32767), (12322, 32767)), (3, (-32768, -32448), (-32768, -32768)), (5, (-32768, 32767), (32767, -5334))]...
round 77: MISMATCH [(3, (-13493, 32767), (1024, -30694)), (5, (-12913, -32768), (-32768, -32768)), (6, (32767, 32767), (32767, 12068))]...
round 78: MISMATCH [(0, (32479, -24384), (-32768, -32768)), (1, (-32768, 32767), (-25410, 32767)), (2, (32753, -32768), (32767, -32768))]...
round 79: MISMATCH [(0, (-32768, -32768), (32767, -32768)), (1, (12700, 32566), (-32768, 23447)), (3, (-32768, 30591), (-32768, -6644))]...
round 80: MISMATCH [(0, (32767, 32767), (-32768, 24977)), (2, (32767, -29566), (32767, -32768)), (5, (-10655, -32027), (-22052, 32767))]...
round 81: MISMATCH [(0, (3886, 32639), (-32768, -1450)), (2, (2173, 32767), (32767, 32767)), (3, (32767, 32767), (-32768, 32767))]...
round 82: MISMATCH [(0, (-32768, -29624), (-32768, -17438)), (1, (15384, 32702), (-32768, 32767)), (2, (32767, 2652), (32767, 9643))]...
round 83: MISMATCH [(0, (32767, -29630), (-32768, -26312)), (1, (32767, 28774), (32767, 12258)), (2, (32767, 32767), (6278, 32767))]...
round 84: MISMATCH [(1, (-32768, 32767), (32767, 32767)), (3, (32767, -5792), (-32768, 9442)), (5, (-6287, 32767), (32767, 32767))]...
round 85: MISMATCH [(1, (14804, 32767), (-28917, 32767)), (4, (-29056, 32767), (-32768, 19871)), (5, (32767, -32768), (-32768, -32768))]...
round 86: MISMATCH [(0, (-6104, -32768), (23246, -32768)), (1, (30816, -32768), (32767, -32768)), (3, (32767, -32639), (-32768, -32768))]...
round 87: MISMATCH [(0, (-32768, -31359), (8790, -32768)), (1, (-32616, 32767), (11272, 32767)), (2, (32767, -32768), (-32768, -32768))]...
round 88: MISMATCH [(0, (-32768, -3045), (-32768, 13009)), (1, (-25622, 32767), (-32768, 32767)), (2, (32767, 32767), (32767, -12572))]...
round 89: MISMATCH [(0, (-32768, -32639), (-32768, -32768)), (2, (32767, 19581), (32767, -32768)), (3, (32767, -29119), (32767, -32768))]...
round 90: MISMATCH [(0, (-32768, -13623), (32767, 2612)), (4, (-32768, 32767), (32767, 32767)), (5, (32767, -32768), (8880, -32768))]...
round 91: MISMATCH [(0, (22409, 30654), (-32768, -32768)), (1, (32767, 32767), (-32768, 32767)), (3, (13360, 573), (29986, -16895))]...
round 92: MISMATCH [(4, (-32768, 29821), (-32768, 27385)), (5, (-32768, -32768), (32767, -32768)), (6, (-32768, -32768), (32345, -32768))]...
round 93: MISMATCH [(0, (-32768, 32767), (6862, 32767)), (1, (32767, 5640), (-32768, 32443)), (4, (3228, 28663), (32767, 18148))]...
round 94: MISMATCH [(0, (32767, -32768), (29340, -32768)), (1, (-20091, -32768), (-25989, -32768)), (4, (32767, 32767), (-32768, 32767))]...
round 95: MISMATCH [(0, (-32768, -32704), (-32768, -32768)), (2, (32767, 32767), (-24352, 12792)), (4, (-12677, -32768), (32767, -32768))]...
round 96: MISMATCH [(1, (-32768, 32767), (-30234, 32767)), (4, (32767, -32768), (-32768, -32768)), (5, (32767, 32767), (28211, 32767))]...
round 97: MISMATCH [(0, (32767, -32768), (-3672, -32768)), (1, (32767, -32768), (12579, -32768)), (2, (24016, 32767), (32767, 32767))]...
round 98: MISMATCH [(0, (32767, 32767), (32767, 24748)), (1, (-31876, -32768), (-48, -32768)), (2, (22680, 32767), (9650, 32767))]...
round 99: MISMATCH [(0, (-26487, 32767), (-4689, 32767)), (3, (-13939, 32767), (23147, 32767)), (5, (32767, 32767), (-32768, 32767))]
1/100 rounds bit-exact
# exit: 1
